

================================================================
== Vivado HLS Report for 'gonzomain'
================================================================
* Date:           Fri Mar 11 01:28:03 2016

* Version:        2015.4 (Build 1412921 on Wed Nov 18 09:58:55 AM 2015)
* Project:        VivadoTest
* Solution:       gonzosolution
* Product family: zynq
* Target device:  xc7z010iclg225-1l


================================================================
== Performance Estimates
================================================================
+ Timing (ns): 
    * Summary: 
    +--------+-------+----------+------------+
    |  Clock | Target| Estimated| Uncertainty|
    +--------+-------+----------+------------+
    |ap_clk  |   2.50|      2.39|        0.31|
    +--------+-------+----------+------------+

+ Latency (clock cycles): 
    * Summary: 
    +-----+-----+-----+-----+---------+
    |  Latency  |  Interval | Pipeline|
    | min | max | min | max |   Type  |
    +-----+-----+-----+-----+---------+
    |   41|   41|   42|   42|   none  |
    +-----+-----+-----+-----+---------+

    + Detail: 
        * Instance: 
        N/A

        * Loop: 
        +----------+-----+-----+----------+-----------+-----------+------+----------+
        |          |  Latency  | Iteration|  Initiation Interval  | Trip |          |
        | Loop Name| min | max |  Latency |  achieved |   target  | Count| Pipelined|
        +----------+-----+-----+----------+-----------+-----------+------+----------+
        |- Loop 1  |   40|   40|         5|          -|          -|     8|    no    |
        +----------+-----+-----+----------+-----------+-----------+------+----------+



================================================================
== Utilization Estimates
================================================================
* Summary: 
+-----------------+---------+-------+-------+-------+
|       Name      | BRAM_18K| DSP48E|   FF  |  LUT  |
+-----------------+---------+-------+-------+-------+
|DSP              |        -|      -|      -|      -|
|Expression       |        -|      -|      0|      6|
|FIFO             |        -|      -|      -|      -|
|Instance         |        -|      -|     96|     32|
|Memory           |        -|      -|      -|      -|
|Multiplexer      |        -|      -|      -|      5|
|Register         |        -|      -|     82|      -|
+-----------------+---------+-------+-------+-------+
|Total            |        0|      0|    178|     43|
+-----------------+---------+-------+-------+-------+
|Available        |      120|     80|  35200|  17600|
+-----------------+---------+-------+-------+-------+
|Utilization (%)  |        0|      0|   ~0  |   ~0  |
+-----------------+---------+-------+-------+-------+

+ Detail: 
    * Instance: 
    +---------------------------------+------------------------------+---------+-------+----+----+
    |             Instance            |            Module            | BRAM_18K| DSP48E| FF | LUT|
    +---------------------------------+------------------------------+---------+-------+----+----+
    |gonzomain_add_32ns_32ns_32_2_U0  |gonzomain_add_32ns_32ns_32_2  |        0|      0|  96|  32|
    +---------------------------------+------------------------------+---------+-------+----+----+
    |Total                            |                              |        0|      0|  96|  32|
    +---------------------------------+------------------------------+---------+-------+----+----+

    * DSP48: 
    N/A

    * Memory: 
    N/A

    * FIFO: 
    N/A

    * Expression: 
    +-------------------+----------+-------+---+----+------------+------------+
    |   Variable Name   | Operation| DSP48E| FF| LUT| Bitwidth P0| Bitwidth P1|
    +-------------------+----------+-------+---+----+------------+------------+
    |i_1_fu_65_p2       |     +    |      0|  0|   4|           4|           1|
    |exitcond_fu_59_p2  |   icmp   |      0|  0|   2|           4|           5|
    +-------------------+----------+-------+---+----+------------+------------+
    |Total              |          |      0|  0|   6|           8|           6|
    +-------------------+----------+-------+---+----+------------+------------+

    * Multiplexer: 
    +-----------+----+-----------+-----+-----------+
    |    Name   | LUT| Input Size| Bits| Total Bits|
    +-----------+----+-----------+-----+-----------+
    |ap_NS_fsm  |   1|          7|    1|          7|
    |i_reg_48   |   4|          2|    4|          8|
    +-----------+----+-----------+-----+-----------+
    |Total      |   5|          9|    5|         15|
    +-----------+----+-----------+-----+-----------+

    * Register: 
    +------------------------------+----+----+-----+-----------+
    |             Name             | FF | LUT| Bits| Const Bits|
    +------------------------------+----+----+-----+-----------+
    |ap_CS_fsm                     |   6|   0|    6|          0|
    |i_1_reg_84                    |   4|   0|    4|          0|
    |i_reg_48                      |   4|   0|    4|          0|
    |input_M_instance_load_reg_99  |  32|   0|   32|          0|
    |p_n_assign_reg_89             |   4|   0|   64|         60|
    |tmp_reg_104                   |  32|   0|   32|          0|
    +------------------------------+----+----+-----+-----------+
    |Total                         |  82|   0|  142|         60|
    +------------------------------+----+----+-----+-----------+



================================================================
== Interface
================================================================
* Summary: 
+----------------------------+-----+-----+------------+-------------------+--------------+
|          RTL Ports         | Dir | Bits|  Protocol  |   Source Object   |    C Type    |
+----------------------------+-----+-----+------------+-------------------+--------------+
|ap_clk                      |  in |    1| ap_ctrl_hs |     gonzomain     | return value |
|ap_rst                      |  in |    1| ap_ctrl_hs |     gonzomain     | return value |
|ap_start                    |  in |    1| ap_ctrl_hs |     gonzomain     | return value |
|ap_done                     | out |    1| ap_ctrl_hs |     gonzomain     | return value |
|ap_idle                     | out |    1| ap_ctrl_hs |     gonzomain     | return value |
|ap_ready                    | out |    1| ap_ctrl_hs |     gonzomain     | return value |
|output_M_instance_address0  | out |    3|  ap_memory | output_M_instance |     array    |
|output_M_instance_ce0       | out |    1|  ap_memory | output_M_instance |     array    |
|output_M_instance_we0       | out |    1|  ap_memory | output_M_instance |     array    |
|output_M_instance_d0        | out |   32|  ap_memory | output_M_instance |     array    |
|input_M_instance_address0   | out |    3|  ap_memory |  input_M_instance |     array    |
|input_M_instance_ce0        | out |    1|  ap_memory |  input_M_instance |     array    |
|input_M_instance_q0         |  in |   32|  ap_memory |  input_M_instance |     array    |
+----------------------------+-----+-----+------------+-------------------+--------------+

